// Jest Snapshot v1, https://goo.gl/fbAQLP

exports[`Icon icon renders correctly 1`] = `
<i
  className="icon spticon spticon-upward"
/>
`;

exports[`Icon icon renders correctly 2`] = `
<i
  className="icon fa fa-home"
  fontset="fa"
/>
`;
