// Jest Snapshot v1, https://goo.gl/fbAQLP

exports[`dist files export modules correctly 1`] = `
Array [
  "Button",
  "Col",
  "Row",
  "version",
]
`;
